<html>
<body>
<pre>
<h1>µVision Build Log</h1>
<h2>Tool Versions:</h2>
IDE-Version: µVision V5.21.1.0
Copyright (C) 2016 ARM Ltd and ARM Germany GmbH. All rights reserved.
License Information: luong son, abc, LIC=----
 
Tool Versions:
Toolchain:       MDK-Lite  Version: 5.21a
Toolchain Path:  C:\Keil_v5\ARM\ARMCC\Bin
C Compiler:      Armcc.exe V5.06 update 3 (build 300)
Assembler:       Armasm.exe V5.06 update 3 (build 300)
Linker/Locator:  ArmLink.exe V5.06 update 3 (build 300)
Library Manager: ArmAr.exe V5.06 update 3 (build 300)
Hex Converter:   FromElf.exe V5.06 update 3 (build 300)
CPU DLL:         SARMCM3.DLL V5.21a
Dialog DLL:      DCM.DLL V1.13.8.0
Target DLL:      Segger\JL2CM3.dll V2.99.23.0
Dialog DLL:      TCM.DLL V1.14.14.0
 
<h2>Project:</h2>
C:\Users\heozu\Desktop\DuAn\chuongtrinh-CoBan\control_drone\Project\keic\Control_drone.uvprojx
Project File Date:  03/22/2021

<h2>Output:</h2>
*** Using Compiler 'V5.06 update 3 (build 300)', folder: 'C:\Keil_v5\ARM\ARMCC\Bin'
Rebuild target 'control'
compiling stm32f10x_it.c...
compiling RTC.c...
RTC.c(46): warning:  #550-D: parameter "couter" was set but never used
  void read_couter (uint32_t couter){
RTC.c: 1 warning, 0 errors
compiling mpu6050.c...
assembling startup_stm32f10x_md.s...
compiling TIM.c...
compiling I2C.c...
compiling RCC.c...
compiling GPIO.c...
compiling system_stm32f10x.c...
compiling main.c...
compiling core_cm3.c...
linking...
Program Size: Code=7800 RO-data=268 RW-data=160 ZI-data=1632  
FromELF: creating hex file...
".\Control_drone.axf" - 0 Error(s), 1 Warning(s).

<h2>Collection of Component include folders:</h2>
  C:\Users\heozu\Desktop\DuAn\chuongtrinh-CoBan\control_drone\Project\keic\RTE
  C:\Keil_v5\ARM\PACK\Keil\STM32F1xx_DFP\2.1.0\Device\Include

<h2>Collection of Component Files used:</h2>
Build Time Elapsed:  00:00:01
</pre>
</body>
</html>
